// Jest Snapshot v1, https://goo.gl/fbAQLP

exports[`App  renders correctly 1`] = `
<RCTSafeAreaView
  emulateUnlessSupported={true}
  style={
    Object {
      "backgroundColor": "#F3F3F3",
      "flex": 1,
    }
  }
>
  <View
    style={
      Object {
        "alignItems": "center",
        "display": "flex",
        "flex": 1,
        "justifyContent": "center",
      }
    }
  >
    <View
      style={
        Object {
          "backgroundColor": "black",
          "height": 100,
          "width": 100,
        }
      }
      testID="square"
    />
    <View
      accessible={true}
      collapsable={false}
      focusable={true}
      nativeID="animatedComponent"
      onClick={[Function]}
      onResponderGrant={[Function]}
      onResponderMove={[Function]}
      onResponderRelease={[Function]}
      onResponderTerminate={[Function]}
      onResponderTerminationRequest={[Function]}
      onStartShouldSetResponder={[Function]}
      style={
        Object {
          "alignItems": "center",
          "backgroundColor": "grey",
          "display": "flex",
          "height": "10%",
          "justifyContent": "center",
          "marginTop": 100,
          "opacity": 1,
          "width": "80%",
        }
      }
      testID="button"
    >
      <Text
        style={
          Object {
            "color": "white",
            "fontSize": 20,
          }
        }
      >
        Press Me
      </Text>
    </View>
  </View>
</RCTSafeAreaView>
`;
